// Jest Snapshot v1, https://goo.gl/fbAQLP

exports[`Pruebas de <GifGridItem /> Debe hacer match con el snapshot 1`] = `
<div>
  <div
    class="card"
  >
    <img
      alt="Saitama"
      data-testid="test-img"
      src="http://localhost/q?Saitama"
    />
    <p>
      Saitama
    </p>
  </div>
</div>
`;
